1 BRIBED 266
2 BRIBED 248
3 BASIC 233
0 GREEDY 169
