2 BASIC 191
0 BRIBED 162
1 GREEDY 162
3 BRIBED 140
