0 BRIBED 349
1 BRIBED 292
2 BRIBED 263
3 GREEDY 185
