1 BRIBED 352
2 BASIC 282
0 BRIBED 255
3 GREEDY 165
