1 BASIC 236
2 BRIBED 193
0 GREEDY 182
3 BRIBED 147
