2 BRIBED 305
3 GREEDY 257
1 GREEDY 229
0 BASIC 226
