2 BASIC 205
3 BASIC 190
0 GREEDY 164
1 GREEDY 162
