2 BASIC 269
1 BASIC 251
4 BASIC 235
3 BASIC 223
0 GREEDY 166
