4 BRIBED 744
1 BRIBED 700
2 BRIBED 594
0 GREEDY 265
3 GREEDY 264
