0 BASIC 289
1 BASIC 271
3 BRIBED 238
2 GREEDY 213
4 GREEDY 175
