3 BASIC 330
0 BASIC 324
4 BASIC 261
1 BRIBED 108
2 BRIBED 97
