6 BRIBED 1101
2 BRIBED 784
3 GREEDY 298
5 GREEDY 272
1 GREEDY 261
0 GREEDY 249
4 GREEDY 249
