1 BRIBED 381
5 BRIBED 360
0 GREEDY 319
6 BASIC 317
2 GREEDY 263
3 GREEDY 256
4 GREEDY 219
