0 BRIBED 372
1 BASIC 353
2 BRIBED 342
4 BRIBED 330
3 GREEDY 281
6 GREEDY 256
5 GREEDY 216
