5 BASIC 377
0 BRIBED 337
6 BASIC 323
3 BASIC 321
1 BASIC 308
4 BASIC 290
2 GREEDY 229
